// Jest Snapshot v1, https://goo.gl/fbAQLP

exports[`routerSwitch component tests snapshot tests should render correctly 1`] = `
<main
  data-testid="RouterSwitch"
>
  <div
    className="ContainerScroll-react-typescript-template__sc-x04xov-0 PageContainer-react-typescript-template__sc-x04xov-2 iCwNRH EjhIt"
    data-testid="Home"
  >
    <span
      className="TypographyContainer-react-typescript-template__sc-foyag6-0 pfRQP"
      data-testid="Typography"
      variant="body1"
    >
      Hello world!
    </span>
  </div>
</main>
`;
